
2026-08-02T18:49:24+02:00 workflow start kind=revin family=core experiment_mode=test stages=train,tables skip_completed=true configurations=4 seed_runs=4 datasets=electricity settings=504:168 models=patchtst methods=standard_mse instance_mse instance_nmse min_nmse seeds=1

2026-08-02T18:49:24+02:00 stage start name=train

2026-08-02T18:49:24+02:00 configuration=1/4 dataset=electricity lags=504 horizon=168 model=patchtst method=standard_mse requested_seeds=1 run_seeds=1 batch_size=256 learning_rate=1e-5 epochs=2000 steps=2000 eval_stride=168 valid_eval_frequency=200 logging_frequency=200 overrides=normalization.name=standard ~normalization.kwargs.affine training.loss=mse
2026-08-02T18:49:27 INFO utils.dataset | loaded dataset config path=/home/h61084/codes/revin_experiment/../datasets/electricity/config.json keys=['aggr', 'aggr_period', 'date_col', 'drop_users', 'target_cols']
2026-08-02T18:49:28 INFO utils.dataset | loaded dataset name=electricity users=312 dropped_users=[6, 57, 106, 113, 127, 143, 182, 245, 298] config=/home/h61084/codes/revin_experiment/../datasets/electricity/config.json
2026-08-02T18:49:30 INFO root | training patchtst/standard on cuda -> /home/h61084/codes/revin_experiment/outputs/revin_experiment_test/electricity/504_168/patchtst_standard_mse/seed_1
2026-08-02T18:49:50 INFO utils.pipeline | step=200 train_interval=1.93883e+08 valid={'valid1': {'mse': 13949354.0, 'nmse': 1943.8641357421875, 'mae': 767.5684814453125, 'nmae': 6.494489669799805, 'relative_mse': 12.39675521850586}, 'valid2': {'mse': 1094231.75, 'nmse': 2856.544921875, 'mae': 577.4133911132812, 'nmae': 10.117493629455566, 'relative_mse': 66.19612121582031}}
2026-08-02T18:50:11 INFO utils.pipeline | step=400 train_interval=1.43497e+08 valid={'valid1': {'mse': 11428697.0, 'nmse': 883.30078125, 'mae': 715.233154296875, 'nmae': 4.347009658813477, 'relative_mse': 5.6484375}, 'valid2': {'mse': 1428638.625, 'nmse': 1309.2574462890625, 'mae': 537.7183837890625, 'nmae': 6.710265636444092, 'relative_mse': 30.407136917114258}}
2026-08-02T18:50:31 INFO utils.pipeline | step=600 train_interval=1.24845e+08 valid={'valid1': {'mse': 12000019.0, 'nmse': 1049.4490966796875, 'mae': 765.6205444335938, 'nmae': 4.497078895568848, 'relative_mse': 6.621777534484863}, 'valid2': {'mse': 1843734.25, 'nmse': 1574.557373046875, 'mae': 587.03173828125, 'nmae': 7.006900787353516, 'relative_mse': 36.564273834228516}}
2026-08-02T18:50:51 INFO utils.pipeline | step=800 train_interval=1.11845e+08 valid={'valid1': {'mse': 12784887.0, 'nmse': 1115.87109375, 'mae': 833.9928588867188, 'nmae': 4.751043796539307, 'relative_mse': 6.961636066436768}, 'valid2': {'mse': 2311618.0, 'nmse': 1683.893798828125, 'mae': 643.5712280273438, 'nmae': 7.427053451538086, 'relative_mse': 39.127159118652344}}
2026-08-02T18:51:11 INFO utils.pipeline | step=1000 train_interval=1.10716e+08 valid={'valid1': {'mse': 11224485.0, 'nmse': 466.04925537109375, 'mae': 872.6698608398438, 'nmae': 3.6823348999023438, 'relative_mse': 3.226637363433838}, 'valid2': {'mse': 2400143.25, 'nmse': 678.5283813476562, 'mae': 706.8744506835938, 'nmae': 5.3596014976501465, 'relative_mse': 15.792814254760742}}
2026-08-02T18:51:32 INFO utils.pipeline | step=1200 train_interval=9.37642e+07 valid={'valid1': {'mse': 12906933.0, 'nmse': 1972.918212890625, 'mae': 921.2708740234375, 'nmae': 6.491077899932861, 'relative_mse': 12.205080032348633}, 'valid2': {'mse': 2818071.25, 'nmse': 2973.67333984375, 'mae': 731.3887939453125, 'nmae': 10.326142311096191, 'relative_mse': 69.03939056396484}}
2026-08-02T18:51:52 INFO utils.pipeline | step=1400 train_interval=8.68452e+07 valid={'valid1': {'mse': 12346038.0, 'nmse': 745.3873291015625, 'mae': 827.5663452148438, 'nmae': 4.035000801086426, 'relative_mse': 4.724921226501465}, 'valid2': {'mse': 2344702.75, 'nmse': 1127.9512939453125, 'mae': 637.2401733398438, 'nmae': 6.239232063293457, 'relative_mse': 26.248085021972656}}
2026-08-02T18:52:12 INFO utils.pipeline | step=1600 train_interval=8.3486e+07 valid={'valid1': {'mse': 12178337.0, 'nmse': 1004.3060302734375, 'mae': 829.8619384765625, 'nmae': 4.477400302886963, 'relative_mse': 6.282107830047607}, 'valid2': {'mse': 2444005.75, 'nmse': 1515.921630859375, 'mae': 640.1776733398438, 'nmae': 7.020270824432373, 'relative_mse': 35.23456573486328}}
2026-08-02T18:52:32 INFO utils.pipeline | step=1800 train_interval=7.33419e+07 valid={'valid1': {'mse': 11544096.0, 'nmse': 401.98455810546875, 'mae': 685.7779541015625, 'nmae': 2.977916955947876, 'relative_mse': 2.643270969390869}, 'valid2': {'mse': 1481418.5, 'nmse': 597.9122924804688, 'mae': 497.243408203125, 'nmae': 4.513535499572754, 'relative_mse': 13.916418075561523}}
2026-08-02T18:52:52 INFO utils.pipeline | step=2000 train_interval=7.38185e+07 valid={'valid1': {'mse': 12888376.0, 'nmse': 1428.443603515625, 'mae': 753.2825317382812, 'nmae': 5.486300945281982, 'relative_mse': 9.00440788269043}, 'valid2': {'mse': 1426567.875, 'nmse': 2123.9189453125, 'mae': 543.3735961914062, 'nmae': 8.642230987548828, 'relative_mse': 49.24833297729492}}
2026-08-02T18:52:53 INFO root | finished in 206.0 seconds

2026-08-02T18:52:54+02:00 configuration=2/4 dataset=electricity lags=504 horizon=168 model=patchtst method=instance_mse requested_seeds=1 run_seeds=1 batch_size=256 learning_rate=1e-5 epochs=2000 steps=2000 eval_stride=168 valid_eval_frequency=200 logging_frequency=200 overrides=normalization.name=revin normalization.kwargs.affine=false training.loss=mse
2026-08-02T18:52:57 INFO utils.dataset | loaded dataset config path=/home/h61084/codes/revin_experiment/../datasets/electricity/config.json keys=['aggr', 'aggr_period', 'date_col', 'drop_users', 'target_cols']
2026-08-02T18:52:57 INFO utils.dataset | loaded dataset name=electricity users=312 dropped_users=[6, 57, 106, 113, 127, 143, 182, 245, 298] config=/home/h61084/codes/revin_experiment/../datasets/electricity/config.json
2026-08-02T18:52:59 INFO root | training patchtst/revin on cuda -> /home/h61084/codes/revin_experiment/outputs/revin_experiment_test/electricity/504_168/patchtst_instance_mse/seed_1
2026-08-02T18:53:20 INFO utils.pipeline | step=200 train_interval=3.62412e+07 valid={'valid1': {'mse': 6061934.0, 'nmse': 0.6792480945587158, 'mae': 362.88079833984375, 'nmae': 0.5355150699615479, 'relative_mse': 0.12930119037628174}, 'valid2': {'mse': 442130.5625, 'nmse': 0.5473164319992065, 'mae': 243.962646484375, 'nmae': 0.5389996767044067, 'relative_mse': 0.07031335681676865}}
2026-08-02T18:53:40 INFO utils.pipeline | step=400 train_interval=2.24737e+07 valid={'valid1': {'mse': 5046397.5, 'nmse': 0.6218196749687195, 'mae': 332.4823913574219, 'nmae': 0.4988407790660858, 'relative_mse': 0.12086495012044907}, 'valid2': {'mse': 367735.8125, 'nmse': 0.4848426580429077, 'mae': 221.78038024902344, 'nmae': 0.49995651841163635, 'relative_mse': 0.06244932860136032}}
2026-08-02T18:54:00 INFO utils.pipeline | step=600 train_interval=1.84146e+07 valid={'valid1': {'mse': 4621500.5, 'nmse': 0.5662113428115845, 'mae': 303.8560791015625, 'nmae': 0.45500800013542175, 'relative_mse': 0.11335231363773346}, 'valid2': {'mse': 311956.6875, 'nmse': 0.43000999093055725, 'mae': 201.4689178466797, 'nmae': 0.45833542943000793, 'relative_mse': 0.05566774308681488}}
2026-08-02T18:54:21 INFO utils.pipeline | step=800 train_interval=1.90068e+07 valid={'valid1': {'mse': 4297576.0, 'nmse': 0.5463062524795532, 'mae': 291.16827392578125, 'nmae': 0.44184163212776184, 'relative_mse': 0.11032219231128693}, 'valid2': {'mse': 291437.8125, 'nmse': 0.4073401093482971, 'mae': 194.40283203125, 'nmae': 0.44347894191741943, 'relative_mse': 0.05291235074400902}}
2026-08-02T18:54:41 INFO utils.pipeline | step=1000 train_interval=1.93899e+07 valid={'valid1': {'mse': 4060359.0, 'nmse': 0.5314321517944336, 'mae': 284.39532470703125, 'nmae': 0.43067923188209534, 'relative_mse': 0.10775920003652573}, 'valid2': {'mse': 281051.65625, 'nmse': 0.3910546600818634, 'mae': 189.80857849121094, 'nmae': 0.43114522099494934, 'relative_mse': 0.051012616604566574}}
2026-08-02T18:55:01 INFO utils.pipeline | step=1200 train_interval=1.61391e+07 valid={'valid1': {'mse': 4054847.0, 'nmse': 0.5259183049201965, 'mae': 286.8232727050781, 'nmae': 0.4291430413722992, 'relative_mse': 0.10647337138652802}, 'valid2': {'mse': 282743.78125, 'nmse': 0.3862237334251404, 'mae': 191.52740478515625, 'nmae': 0.4304974675178528, 'relative_mse': 0.050512269139289856}}
2026-08-02T18:55:21 INFO utils.pipeline | step=1400 train_interval=1.54726e+07 valid={'valid1': {'mse': 3788069.25, 'nmse': 0.5122702717781067, 'mae': 275.0229797363281, 'nmae': 0.4161703586578369, 'relative_mse': 0.1046828106045723}, 'valid2': {'mse': 259756.46875, 'nmse': 0.37118563055992126, 'mae': 182.99342346191406, 'nmae': 0.4171913266181946, 'relative_mse': 0.048759229481220245}}
2026-08-02T18:55:42 INFO utils.pipeline | step=1600 train_interval=1.68038e+07 valid={'valid1': {'mse': 3874227.5, 'nmse': 0.5107762813568115, 'mae': 275.09173583984375, 'nmae': 0.4157719612121582, 'relative_mse': 0.10372502356767654}, 'valid2': {'mse': 264768.1875, 'nmse': 0.3702130615711212, 'mae': 182.46995544433594, 'nmae': 0.41644683480262756, 'relative_mse': 0.048584770411252975}}
2026-08-02T18:56:02 INFO utils.pipeline | step=1800 train_interval=1.34028e+07 valid={'valid1': {'mse': 3586729.5, 'nmse': 0.5038566589355469, 'mae': 267.212646484375, 'nmae': 0.40864628553390503, 'relative_mse': 0.10253692418336868}, 'valid2': {'mse': 255961.953125, 'nmse': 0.3632640540599823, 'mae': 179.3225860595703, 'nmae': 0.40961211919784546, 'relative_mse': 0.04749979451298714}}
2026-08-02T18:56:22 INFO utils.pipeline | step=2000 train_interval=1.45246e+07 valid={'valid1': {'mse': 3569164.25, 'nmse': 0.49920207262039185, 'mae': 264.66473388671875, 'nmae': 0.4041687548160553, 'relative_mse': 0.10151711106300354}, 'valid2': {'mse': 255004.03125, 'nmse': 0.35843271017074585, 'mae': 178.04388427734375, 'nmae': 0.4052727520465851, 'relative_mse': 0.04681184142827988}}
2026-08-02T18:56:23 INFO root | finished in 206.0 seconds

2026-08-02T18:56:23+02:00 configuration=3/4 dataset=electricity lags=504 horizon=168 model=patchtst method=instance_nmse requested_seeds=1 run_seeds=1 batch_size=256 learning_rate=1e-5 epochs=2000 steps=2000 eval_stride=168 valid_eval_frequency=200 logging_frequency=200 overrides=normalization.name=revin normalization.kwargs.affine=false training.loss=nmse
2026-08-02T18:56:27 INFO utils.dataset | loaded dataset config path=/home/h61084/codes/revin_experiment/../datasets/electricity/config.json keys=['aggr', 'aggr_period', 'date_col', 'drop_users', 'target_cols']
2026-08-02T18:56:27 INFO utils.dataset | loaded dataset name=electricity users=312 dropped_users=[6, 57, 106, 113, 127, 143, 182, 245, 298] config=/home/h61084/codes/revin_experiment/../datasets/electricity/config.json
2026-08-02T18:56:29 INFO root | training patchtst/revin on cuda -> /home/h61084/codes/revin_experiment/outputs/revin_experiment_test/electricity/504_168/patchtst_instance_nmse/seed_1
2026-08-02T18:56:50 INFO utils.pipeline | step=200 train_interval=0.597726 valid={'valid1': {'mse': 3496043.25, 'nmse': 0.4475407004356384, 'mae': 248.07901000976562, 'nmae': 0.37112244963645935, 'relative_mse': 0.0879233106970787}, 'valid2': {'mse': 222966.0, 'nmse': 0.307800829410553, 'mae': 163.3478240966797, 'nmae': 0.37082919478416443, 'relative_mse': 0.036561936140060425}}
2026-08-02T18:57:10 INFO utils.pipeline | step=400 train_interval=0.440468 valid={'valid1': {'mse': 3005582.0, 'nmse': 0.40809735655784607, 'mae': 225.985595703125, 'nmae': 0.33918657898902893, 'relative_mse': 0.07795877009630203}, 'valid2': {'mse': 193436.453125, 'nmse': 0.2675343453884125, 'mae': 148.2640380859375, 'nmae': 0.33846938610076904, 'relative_mse': 0.030656402930617332}}
2026-08-02T18:57:30 INFO utils.pipeline | step=600 train_interval=0.43497 valid={'valid1': {'mse': 2822569.25, 'nmse': 0.3913668692111969, 'mae': 216.08029174804688, 'nmae': 0.3242417573928833, 'relative_mse': 0.07322259992361069}, 'valid2': {'mse': 181243.28125, 'nmse': 0.2503492832183838, 'mae': 141.2114715576172, 'nmae': 0.3230779767036438, 'relative_mse': 0.02821364440023899}}
2026-08-02T18:57:51 INFO utils.pipeline | step=800 train_interval=0.39675 valid={'valid1': {'mse': 2742230.25, 'nmse': 0.3832654356956482, 'mae': 209.7271728515625, 'nmae': 0.3157840073108673, 'relative_mse': 0.07126903533935547}, 'valid2': {'mse': 176454.921875, 'nmse': 0.24261324107646942, 'mae': 137.58505249023438, 'nmae': 0.3148050904273987, 'relative_mse': 0.027137521654367447}}
2026-08-02T18:58:11 INFO utils.pipeline | step=1000 train_interval=0.442315 valid={'valid1': {'mse': 2654444.0, 'nmse': 0.37731605768203735, 'mae': 204.6796112060547, 'nmae': 0.3092726171016693, 'relative_mse': 0.07003670185804367}, 'valid2': {'mse': 171402.1875, 'nmse': 0.23648299276828766, 'mae': 134.32821655273438, 'nmae': 0.3082098066806793, 'relative_mse': 0.026397475972771645}}
2026-08-02T18:58:31 INFO utils.pipeline | step=1200 train_interval=0.395398 valid={'valid1': {'mse': 2570982.5, 'nmse': 0.37366998195648193, 'mae': 200.50137329101562, 'nmae': 0.30482274293899536, 'relative_mse': 0.06886482983827591}, 'valid2': {'mse': 167055.9375, 'nmse': 0.23213261365890503, 'mae': 131.9473876953125, 'nmae': 0.30359840393066406, 'relative_mse': 0.025855442509055138}}
2026-08-02T18:58:52 INFO utils.pipeline | step=1400 train_interval=0.383145 valid={'valid1': {'mse': 2604053.5, 'nmse': 0.37217265367507935, 'mae': 199.3996124267578, 'nmae': 0.3026714324951172, 'relative_mse': 0.06853961199522018}, 'valid2': {'mse': 166712.078125, 'nmse': 0.23059196770191193, 'mae': 131.02906799316406, 'nmae': 0.3017268478870392, 'relative_mse': 0.025750836357474327}}
2026-08-02T18:59:12 INFO utils.pipeline | step=1600 train_interval=0.319209 valid={'valid1': {'mse': 2529618.5, 'nmse': 0.3700113892555237, 'mae': 196.62379455566406, 'nmae': 0.30018216371536255, 'relative_mse': 0.06795692443847656}, 'valid2': {'mse': 163994.40625, 'nmse': 0.22792163491249084, 'mae': 129.5117950439453, 'nmae': 0.29876455664634705, 'relative_mse': 0.025310149416327477}}
2026-08-02T18:59:32 INFO utils.pipeline | step=1800 train_interval=0.337118 valid={'valid1': {'mse': 2501845.5, 'nmse': 0.3681642413139343, 'mae': 195.1065673828125, 'nmae': 0.2982102036476135, 'relative_mse': 0.06743079423904419}, 'valid2': {'mse': 163081.984375, 'nmse': 0.2263609617948532, 'mae': 128.78643798828125, 'nmae': 0.2968999445438385, 'relative_mse': 0.02502419613301754}}
2026-08-02T18:59:52 INFO utils.pipeline | step=2000 train_interval=0.370276 valid={'valid1': {'mse': 2525268.75, 'nmse': 0.3678807020187378, 'mae': 195.76278686523438, 'nmae': 0.29803356528282166, 'relative_mse': 0.06737752258777618}, 'valid2': {'mse': 163157.0625, 'nmse': 0.22610056400299072, 'mae': 128.80227661132812, 'nmae': 0.29686248302459717, 'relative_mse': 0.025071866810321808}}
2026-08-02T18:59:53 INFO root | finished in 206.5 seconds

2026-08-02T18:59:54+02:00 configuration=4/4 dataset=electricity lags=504 horizon=168 model=patchtst method=min_nmse requested_seeds=1 run_seeds=1 batch_size=256 learning_rate=1e-5 epochs=2000 steps=2000 eval_stride=168 valid_eval_frequency=200 logging_frequency=200 overrides=normalization.name=min normalization.kwargs.affine=true training.loss=nmse
2026-08-02T18:59:57 INFO utils.dataset | loaded dataset config path=/home/h61084/codes/revin_experiment/../datasets/electricity/config.json keys=['aggr', 'aggr_period', 'date_col', 'drop_users', 'target_cols']
2026-08-02T18:59:57 INFO utils.dataset | loaded dataset name=electricity users=312 dropped_users=[6, 57, 106, 113, 127, 143, 182, 245, 298] config=/home/h61084/codes/revin_experiment/../datasets/electricity/config.json
2026-08-02T19:00:00 INFO root | training patchtst/min on cuda -> /home/h61084/codes/revin_experiment/outputs/revin_experiment_test/electricity/504_168/patchtst_min_nmse/seed_1
2026-08-02T19:00:20 INFO utils.pipeline | step=200 train_interval=0.597423 valid={'valid1': {'mse': 3497597.0, 'nmse': 0.44753900170326233, 'mae': 248.09922790527344, 'nmae': 0.37112051248550415, 'relative_mse': 0.08791983127593994}, 'valid2': {'mse': 222992.0625, 'nmse': 0.30778762698173523, 'mae': 163.34957885742188, 'nmae': 0.370818167924881, 'relative_mse': 0.03656383231282234}}
2026-08-02T19:00:41 INFO utils.pipeline | step=400 train_interval=0.439838 valid={'valid1': {'mse': 3008015.0, 'nmse': 0.4080887734889984, 'mae': 226.0187225341797, 'nmae': 0.33919423818588257, 'relative_mse': 0.07795874029397964}, 'valid2': {'mse': 193463.171875, 'nmse': 0.2675274908542633, 'mae': 148.2619171142578, 'nmae': 0.33847132325172424, 'relative_mse': 0.030660230666399002}}
2026-08-02T19:01:01 INFO utils.pipeline | step=600 train_interval=0.434273 valid={'valid1': {'mse': 2827260.75, 'nmse': 0.39143863320350647, 'mae': 216.23814392089844, 'nmae': 0.3243717551231384, 'relative_mse': 0.07323842495679855}, 'valid2': {'mse': 181381.859375, 'nmse': 0.25042372941970825, 'mae': 141.2755584716797, 'nmae': 0.32319238781929016, 'relative_mse': 0.028227098286151886}}
2026-08-02T19:01:21 INFO utils.pipeline | step=800 train_interval=0.396038 valid={'valid1': {'mse': 2746293.75, 'nmse': 0.3833248019218445, 'mae': 209.8675994873047, 'nmae': 0.3159037232398987, 'relative_mse': 0.07128185778856277}, 'valid2': {'mse': 176559.796875, 'nmse': 0.24267995357513428, 'mae': 137.64141845703125, 'nmae': 0.3149184286594391, 'relative_mse': 0.027148835361003876}}
2026-08-02T19:01:42 INFO utils.pipeline | step=1000 train_interval=0.441591 valid={'valid1': {'mse': 2661245.5, 'nmse': 0.3774137496948242, 'mae': 204.91790771484375, 'nmae': 0.30945757031440735, 'relative_mse': 0.07005073130130768}, 'valid2': {'mse': 171598.625, 'nmse': 0.23658902943134308, 'mae': 134.42457580566406, 'nmae': 0.30837535858154297, 'relative_mse': 0.026412665843963623}}
2026-08-02T19:02:02 INFO utils.pipeline | step=1200 train_interval=0.394643 valid={'valid1': {'mse': 2576548.25, 'nmse': 0.3737310767173767, 'mae': 200.67823791503906, 'nmae': 0.3049498200416565, 'relative_mse': 0.06887558847665787}, 'valid2': {'mse': 167196.171875, 'nmse': 0.2322150021791458, 'mae': 132.00912475585938, 'nmae': 0.30372321605682373, 'relative_mse': 0.025866007432341576}}
2026-08-02T19:02:23 INFO utils.pipeline | step=1400 train_interval=0.382349 valid={'valid1': {'mse': 2608667.5, 'nmse': 0.3722217082977295, 'mae': 199.55567932128906, 'nmae': 0.302788108587265, 'relative_mse': 0.06854533404111862}, 'valid2': {'mse': 166833.328125, 'nmse': 0.23066124320030212, 'mae': 131.0989227294922, 'nmae': 0.3018410801887512, 'relative_mse': 0.025758937001228333}}
2026-08-02T19:02:43 INFO utils.pipeline | step=1600 train_interval=0.318355 valid={'valid1': {'mse': 2534432.25, 'nmse': 0.37006449699401855, 'mae': 196.76150512695312, 'nmae': 0.3002880811691284, 'relative_mse': 0.06796300411224365}, 'valid2': {'mse': 164147.609375, 'nmse': 0.22800078988075256, 'mae': 129.5863037109375, 'nmae': 0.29887649416923523, 'relative_mse': 0.025319304317235947}}
2026-08-02T19:03:04 INFO utils.pipeline | step=1800 train_interval=0.336218 valid={'valid1': {'mse': 2503722.0, 'nmse': 0.36818885803222656, 'mae': 195.13970947265625, 'nmae': 0.2982754707336426, 'relative_mse': 0.06743690371513367}, 'valid2': {'mse': 163071.09375, 'nmse': 0.22640174627304077, 'mae': 128.7910919189453, 'nmae': 0.2969670593738556, 'relative_mse': 0.025029199197888374}}
2026-08-02T19:03:24 INFO utils.pipeline | step=2000 train_interval=0.369328 valid={'valid1': {'mse': 2527218.0, 'nmse': 0.3678704798221588, 'mae': 195.7574005126953, 'nmae': 0.2980290353298187, 'relative_mse': 0.06737321615219116}, 'valid2': {'mse': 163144.296875, 'nmse': 0.22611327469348907, 'mae': 128.79507446289062, 'nmae': 0.2968739867210388, 'relative_mse': 0.025072384625673294}}
2026-08-02T19:03:25 INFO root | finished in 208.0 seconds

2026-08-02T19:03:26+02:00 stage done name=train

2026-08-02T19:03:26+02:00 stage start name=tables

2026-08-02T19:03:26+02:00 table family=core model=patchtst split=test1 metric=mse output=/home/h61084/codes/revin_experiment/outputs/revin_experiment_test/tables/core/results_patchtst_test1_mse.tex
2026-08-02T19:03:26 INFO __main__ | wrote table path=/home/h61084/codes/revin_experiment/outputs/revin_experiment_test/tables/core/results_patchtst_test1_mse.tex
2026-08-02T19:03:26 INFO __main__ | wrote summary path=/home/h61084/codes/revin_experiment/outputs/revin_experiment_test/tables/core/summary_patchtst_test1_mse.json
2026-08-02T19:03:26 INFO __main__ | wrote summary path=/home/h61084/codes/revin_experiment/outputs/revin_experiment_test/tables/core/summary_patchtst_test1_mse.tex

2026-08-02T19:03:26+02:00 table family=core model=patchtst split=test2 metric=mse output=/home/h61084/codes/revin_experiment/outputs/revin_experiment_test/tables/core/results_patchtst_test2_mse.tex
2026-08-02T19:03:26 INFO __main__ | wrote table path=/home/h61084/codes/revin_experiment/outputs/revin_experiment_test/tables/core/results_patchtst_test2_mse.tex
2026-08-02T19:03:26 INFO __main__ | wrote summary path=/home/h61084/codes/revin_experiment/outputs/revin_experiment_test/tables/core/summary_patchtst_test2_mse.json
2026-08-02T19:03:26 INFO __main__ | wrote summary path=/home/h61084/codes/revin_experiment/outputs/revin_experiment_test/tables/core/summary_patchtst_test2_mse.tex

2026-08-02T19:03:26+02:00 stage done name=tables

2026-08-02T19:03:26+02:00 workflow done kind=revin family=core output=/home/h61084/codes/revin_experiment/outputs/revin_experiment_test
